// Jest Snapshot v1, https://goo.gl/fbAQLP

exports[`test() should fail when provided predicate return false 1`] = `
Object {
  "message": "Test",
  "path": Array [],
  "type": "single",
  "value": 1,
}
`;
