// Jest Snapshot v1, https://goo.gl/fbAQLP

exports[`nullable() should fail 1`] = `
Object {
  "children": null,
  "message": "Either Value should equal to null OR Value should be a string",
  "path": "",
}
`;
