// Jest Snapshot v1, https://goo.gl/fbAQLP

exports[`empty() should support custom message 1`] = `
Object {
  "errors": Array [
    Object {
      "message": "Custom message",
      "path": Array [],
      "value": "not empty string",
    },
  ],
  "rootValue": "not empty string",
}
`;
